<html>
<body>
<pre>
<h1>µVision Build Log</h1>
<h2>Tool Versions:</h2>
IDE-Version: ¦ÌVision V5.38.0.0
Copyright (C) 2022 ARM Ltd and ARM Germany GmbH. All rights reserved.
License Information: w w, w, LIC=LSNXV-PFLEC-MMP9I-TRM6Z-C5LI9-M7TGM
 
Tool Versions:
Toolchain:       MDK-ARM Plus  Version: 5.38.0.0
Toolchain Path:  D:\keil5MDK\ARM\ARMCLANG\Bin
C Compiler:      ArmClang.exe V6.19
Assembler:       Armasm.exe V6.19
Linker/Locator:  ArmLink.exe V6.19
Library Manager: ArmAr.exe V6.19
Hex Converter:   FromElf.exe V6.19
CPU DLL:         SARMCM3.DLL V5.38.0.0
Dialog DLL:      DCM.DLL V1.17.5.0
Target DLL:      CMSIS_AGDI.dll V1.33.15.0
Dialog DLL:      TCM.DLL V1.56.4.0
 
<h2>Project:</h2>
C:\Users\w\Desktop\ÖÇÄÜÊÓ¾õ\1ÂóÂÖ³µ\Car_1-5\project\mdk\rt1064.uvprojx
Project File Date:  11/29/2025

<h2>Output:</h2>
*** Using Compiler 'V6.19', folder: 'D:\keil5MDK\ARM\ARMCLANG\Bin'
Build target 'nor_sdram_zf_dtcm'
compiling PID.c...
compiling main.c...
linking...
Program Size: Code=62840 RO-data=7560 RW-data=276 ZI-data=11636  
".\Objects\rt1064.axf" - 0 Error(s), 0 Warning(s).

<h2>Software Packages used:</h2>

Package Vendor: NXP
                https://mcuxpresso.nxp.com/cmsis_pack/repo/NXP.MIMXRT1064_DFP.15.0.0.pack
                NXP.MIMXRT1064_DFP.15.0.0
                Device Family Pack for MIMXRT1064

<h2>Collection of Component include folders:</h2>
  D:/keil5MDK/NXP/MIMXRT1064_DFP/15.0.0

<h2>Collection of Component Files used:</h2>
Build Time Elapsed:  00:00:03
</pre>
</body>
</html>
